------------------------------------------------------------
Timing Analyzer Summary
------------------------------------------------------------

Type  : Slow 1200mV 85C Model Setup 'matriz:u3|\divisor:CUENTA[22]'
Slack : -5.309
TNS   : -47.578

Type  : Slow 1200mV 85C Model Setup 'clk12Mhz'
Slack : -5.016
TNS   : -205.325

Type  : Slow 1200mV 85C Model Setup 'baudRateGenerator:u1|tick'
Slack : -1.845
TNS   : -42.057

Type  : Slow 1200mV 85C Model Setup 'matriz:u3|\divisor:CUENTA[2]'
Slack : -0.154
TNS   : -0.154

Type  : Slow 1200mV 85C Model Hold 'baudRateGenerator:u1|tick'
Slack : 0.325
TNS   : 0.000

Type  : Slow 1200mV 85C Model Hold 'matriz:u3|\divisor:CUENTA[2]'
Slack : 0.340
TNS   : 0.000

Type  : Slow 1200mV 85C Model Hold 'matriz:u3|\divisor:CUENTA[22]'
Slack : 0.358
TNS   : 0.000

Type  : Slow 1200mV 85C Model Hold 'clk12Mhz'
Slack : 0.625
TNS   : 0.000

Type  : Slow 1200mV 85C Model Minimum Pulse Width 'clk12Mhz'
Slack : -3.000
TNS   : -88.583

Type  : Slow 1200mV 85C Model Minimum Pulse Width 'matriz:u3|\divisor:CUENTA[22]'
Slack : -1.403
TNS   : -72.956

Type  : Slow 1200mV 85C Model Minimum Pulse Width 'baudRateGenerator:u1|tick'
Slack : -1.403
TNS   : -37.881

Type  : Slow 1200mV 85C Model Minimum Pulse Width 'matriz:u3|\divisor:CUENTA[2]'
Slack : -1.403
TNS   : -4.209

Type  : Slow 1200mV 0C Model Setup 'matriz:u3|\divisor:CUENTA[22]'
Slack : -4.817
TNS   : -41.504

Type  : Slow 1200mV 0C Model Setup 'clk12Mhz'
Slack : -4.567
TNS   : -183.010

Type  : Slow 1200mV 0C Model Setup 'baudRateGenerator:u1|tick'
Slack : -1.582
TNS   : -35.667

Type  : Slow 1200mV 0C Model Setup 'matriz:u3|\divisor:CUENTA[2]'
Slack : -0.058
TNS   : -0.058

Type  : Slow 1200mV 0C Model Hold 'baudRateGenerator:u1|tick'
Slack : 0.292
TNS   : 0.000

Type  : Slow 1200mV 0C Model Hold 'matriz:u3|\divisor:CUENTA[2]'
Slack : 0.304
TNS   : 0.000

Type  : Slow 1200mV 0C Model Hold 'matriz:u3|\divisor:CUENTA[22]'
Slack : 0.323
TNS   : 0.000

Type  : Slow 1200mV 0C Model Hold 'clk12Mhz'
Slack : 0.581
TNS   : 0.000

Type  : Slow 1200mV 0C Model Minimum Pulse Width 'clk12Mhz'
Slack : -3.000
TNS   : -88.583

Type  : Slow 1200mV 0C Model Minimum Pulse Width 'matriz:u3|\divisor:CUENTA[22]'
Slack : -1.403
TNS   : -72.956

Type  : Slow 1200mV 0C Model Minimum Pulse Width 'baudRateGenerator:u1|tick'
Slack : -1.403
TNS   : -37.881

Type  : Slow 1200mV 0C Model Minimum Pulse Width 'matriz:u3|\divisor:CUENTA[2]'
Slack : -1.403
TNS   : -4.209

Type  : Fast 1200mV 0C Model Setup 'clk12Mhz'
Slack : -1.725
TNS   : -60.574

Type  : Fast 1200mV 0C Model Setup 'matriz:u3|\divisor:CUENTA[22]'
Slack : -1.720
TNS   : -11.296

Type  : Fast 1200mV 0C Model Setup 'baudRateGenerator:u1|tick'
Slack : -0.251
TNS   : -2.909

Type  : Fast 1200mV 0C Model Setup 'matriz:u3|\divisor:CUENTA[2]'
Slack : 0.506
TNS   : 0.000

Type  : Fast 1200mV 0C Model Hold 'baudRateGenerator:u1|tick'
Slack : 0.142
TNS   : 0.000

Type  : Fast 1200mV 0C Model Hold 'matriz:u3|\divisor:CUENTA[2]'
Slack : 0.148
TNS   : 0.000

Type  : Fast 1200mV 0C Model Hold 'matriz:u3|\divisor:CUENTA[22]'
Slack : 0.154
TNS   : 0.000

Type  : Fast 1200mV 0C Model Hold 'clk12Mhz'
Slack : 0.238
TNS   : 0.000

Type  : Fast 1200mV 0C Model Minimum Pulse Width 'clk12Mhz'
Slack : -3.000
TNS   : -74.173

Type  : Fast 1200mV 0C Model Minimum Pulse Width 'matriz:u3|\divisor:CUENTA[22]'
Slack : -1.000
TNS   : -52.000

Type  : Fast 1200mV 0C Model Minimum Pulse Width 'baudRateGenerator:u1|tick'
Slack : -1.000
TNS   : -27.000

Type  : Fast 1200mV 0C Model Minimum Pulse Width 'matriz:u3|\divisor:CUENTA[2]'
Slack : -1.000
TNS   : -3.000

------------------------------------------------------------
